// Jest Snapshot v1, https://goo.gl/fbAQLP

exports[`get notice if pending under £10,000 application in England 1`] = `
Object {
  "body": "If you've started an application already, and it's not related to supporting your community or organisation through the pandemic, we won't be able to accept it. But you could decide to start a new one that focuses on COVID-19 instead.",
  "title": "For funding under £10,000 in England, we're now only accepting COVID-19 related applications",
}
`;

exports[`get notice if pending under £10,000 application in England 2`] = `
Object {
  "body": "Os ydych chi wedi cychwyn cais yn barod, ac nad yw'n gysylltiedig â chefnogi'ch cymuned neu sefydliad trwy'r pandemig, ni fyddwn yn gallu ei dderbyn. Ond fe allech chi benderfynu cychwyn un newydd sy'n canolbwyntio ar COVID-19 yn lle.",
  "title": "Ar gyfer ariannu o dan £10,000 yn Lloegr, dim ond ceisiadau cysylltiedig â COVID-19 yr ydym yn eu derbyn",
}
`;
