// Jest Snapshot v1, https://goo.gl/fbAQLP

exports[`GrantsTotalSummary should render 1`] = `
<span
  role="alert"
>
  
    190,000 projects found
    
        totalling Â£123,456,789
    
</span>
`;
